 HelloWorldRustDxe-fe6ee8b1ffd37460

 Timestamp is 6a9755b1 (Tue Sep  1 15:46:09 2026)

 Preferred load address is 0000000000000000

 Start         Length     Name                   Class
 0001:00000000 00002f9cH .text                   CODE
 0002:00000000 000006e8H .rdata                  DATA
 0003:00000000 00000018H .data                   DATA
 0003:00000018 00000020H .bss                    DATA

  Address         Publics by Value              Rva+Base               Lib:Object

 0001:00000000       _RNvXs1G_NtCshY7GFnqGkdJ_4core3fmtThlENtB6_5Debug3fmtCs675nZG1luY9_17HelloWorldRustDxe 0000000000001000     HelloWorldRustDxe-fe6ee8b1ffd37460.2i9em64yofeaqd9lzmzmchv0m.14l9ypk.rcgu.o
 0001:00000064       _RNvXs1G_NtCshY7GFnqGkdJ_4core3fmtTmyENtB6_5Debug3fmtCs675nZG1luY9_17HelloWorldRustDxe 0000000000001064     HelloWorldRustDxe-fe6ee8b1ffd37460.2i9em64yofeaqd9lzmzmchv0m.14l9ypk.rcgu.o
 0001:000000c8       _RNvXs1g_NtCshY7GFnqGkdJ_4core3fmtRbNtB6_5Debug3fmtCs675nZG1luY9_17HelloWorldRustDxe 00000000000010c8     HelloWorldRustDxe-fe6ee8b1ffd37460.2i9em64yofeaqd9lzmzmchv0m.14l9ypk.rcgu.o
 0001:000000ec       _RNvXs1g_NtCshY7GFnqGkdJ_4core3fmtRjNtB6_5Debug3fmtCs675nZG1luY9_17HelloWorldRustDxe 00000000000010ec     HelloWorldRustDxe-fe6ee8b1ffd37460.2i9em64yofeaqd9lzmzmchv0m.14l9ypk.rcgu.o
 0001:00000124       _RNvXs1g_NtCshY7GFnqGkdJ_4core3fmtRmNtB6_5Debug3fmtCs675nZG1luY9_17HelloWorldRustDxe 0000000000001124     HelloWorldRustDxe-fe6ee8b1ffd37460.2i9em64yofeaqd9lzmzmchv0m.14l9ypk.rcgu.o
 0001:00000140       _RNvXs1i_NtCshY7GFnqGkdJ_4core3fmtRNtB6_9ArgumentsNtB6_7Display3fmtCs675nZG1luY9_17HelloWorldRustDxe 0000000000001140     HelloWorldRustDxe-fe6ee8b1ffd37460.2i9em64yofeaqd9lzmzmchv0m.14l9ypk.rcgu.o
 0001:00000148       _RNvXsl_NtCshY7GFnqGkdJ_4core3fmtPhNtB5_7Pointer3fmtCs675nZG1luY9_17HelloWorldRustDxe 0000000000001148     HelloWorldRustDxe-fe6ee8b1ffd37460.2i9em64yofeaqd9lzmzmchv0m.14l9ypk.rcgu.o
 0001:00000150       _RNvXsr_NtCshY7GFnqGkdJ_4core3fmtSmNtB5_5Debug3fmtCs675nZG1luY9_17HelloWorldRustDxe 0000000000001150     HelloWorldRustDxe-fe6ee8b1ffd37460.2i9em64yofeaqd9lzmzmchv0m.14l9ypk.rcgu.o
 0001:000001b8       _RINvNtCs8zcUjoZ7Kml_3log13___private_api3loguNtB2_12GlobalLoggerECs675nZG1luY9_17HelloWorldRustDxe 00000000000011b8     HelloWorldRustDxe-fe6ee8b1ffd37460.76tyti420p9bkz7voqsoduemy.14l9ypk.rcgu.o
 0001:0000020c       _RNvYNtCsfbOekrowm12_14arm_pl011_uart4UartNtNtCshY7GFnqGkdJ_4core3fmt5Write10write_charCs675nZG1luY9_17HelloWorldRustDxe.llvm.11421740062098260290 000000000000120c     HelloWorldRustDxe-fe6ee8b1ffd37460.dczcrsls8klguunlj6nat6ndn.14l9ypk.rcgu.o
 0001:000002ac       _RNvYNtCsfbOekrowm12_14arm_pl011_uart4UartNtNtCshY7GFnqGkdJ_4core3fmt5Write9write_fmtCs675nZG1luY9_17HelloWorldRustDxe 00000000000012ac     HelloWorldRustDxe-fe6ee8b1ffd37460.dczcrsls8klguunlj6nat6ndn.14l9ypk.rcgu.o
 0001:000004b8       _RNvNtCs8zcUjoZ7Kml_3log13___private_api3loc 00000000000014b8     liblog-81a1e0e0c07b5481:log-81a1e0e0c07b5481.log.63cb9ab91b5c247b-cgu.0.rcgu.o
 0001:000004c4       efi_main                   00000000000014c4     HelloWorldRustDxe-fe6ee8b1ffd37460.e6hpwgnw5vkqjluj979r9tt4t.14l9ypk.rcgu.o
 0001:00000a5c       _RNvXsa_NtCshY7GFnqGkdJ_4core5arrayAmj3_NtNtB7_3fmt5Debug3fmtCs675nZG1luY9_17HelloWorldRustDxe 0000000000001a5c     HelloWorldRustDxe-fe6ee8b1ffd37460.euct4c146aibnjfwd2gasqo5k.14l9ypk.rcgu.o
 0001:00000a68       _RNvCs8zcUjoZ7Kml_3log10set_logger 0000000000001a68     liblog-81a1e0e0c07b5481:log-81a1e0e0c07b5481.log.63cb9ab91b5c247b-cgu.0.rcgu.o
 0001:00000ad8       _RNvXs0_NtCs8zcUjoZ7Kml_3log13___private_apiNtB5_12GlobalLoggerNtB7_3Log3log 0000000000001ad8     liblog-81a1e0e0c07b5481:log-81a1e0e0c07b5481.log.63cb9ab91b5c247b-cgu.0.rcgu.o
 0001:00000b18       _RNvXs1_Cs8zcUjoZ7Kml_3logNtB5_5LevelNtNtCshY7GFnqGkdJ_4core3fmt7Display3fmt 0000000000001b18     liblog-81a1e0e0c07b5481:log-81a1e0e0c07b5481.log.63cb9ab91b5c247b-cgu.0.rcgu.o
 0001:00000b40       _RNvXs1_CsfbOekrowm12_14arm_pl011_uartNtB5_4UartNtNtCshY7GFnqGkdJ_4core3fmt5Write9write_str 0000000000001b40     libarm_pl011_uart-b0a7a01957b2178e:arm_pl011_uart-b0a7a01957b2178e.arm_pl011_uart.b0eed8bec6a279ba-cgu.0.rcgu.o
 0001:00000b70       _RNvMs1_NtNtCshY7GFnqGkdJ_4core3fmt8buildersNtB5_11DebugStruct5field 0000000000001b70     libcore-51f92e4ab864d16a:core-51f92e4ab864d16a.core.d14e00c5bb875f55-cgu.0.rcgu.o
 0001:00000d18       _RNvMs2_NtNtCshY7GFnqGkdJ_4core3fmt8buildersNtB5_10DebugTuple5field 0000000000001d18     libcore-51f92e4ab864d16a:core-51f92e4ab864d16a.core.d14e00c5bb875f55-cgu.0.rcgu.o
 0001:00000e50       _RNvMs2_NtNtCshY7GFnqGkdJ_4core3fmt8buildersNtB5_10DebugTuple6finish 0000000000001e50     libcore-51f92e4ab864d16a:core-51f92e4ab864d16a.core.d14e00c5bb875f55-cgu.0.rcgu.o
 0001:00000f04       _RNvMs5_NtNtCshY7GFnqGkdJ_4core3fmt8buildersNtB5_9DebugList5entry 0000000000001f04     libcore-51f92e4ab864d16a:core-51f92e4ab864d16a.core.d14e00c5bb875f55-cgu.0.rcgu.o
 0001:00000f04       _RNvMs4_NtNtCshY7GFnqGkdJ_4core3fmt8buildersNtB5_8DebugSet5entry 0000000000001f04     libcore-51f92e4ab864d16a:core-51f92e4ab864d16a.core.d14e00c5bb875f55-cgu.0.rcgu.o
 0001:00001038       _RNvMs5_NtNtCshY7GFnqGkdJ_4core3fmt8buildersNtB5_9DebugList6finish 0000000000002038     libcore-51f92e4ab864d16a:core-51f92e4ab864d16a.core.d14e00c5bb875f55-cgu.0.rcgu.o
 0001:00001090       _RNvMsa_NtCshY7GFnqGkdJ_4core3fmtNtB5_9Formatter10debug_list 0000000000002090     libcore-51f92e4ab864d16a:core-51f92e4ab864d16a.core.d14e00c5bb875f55-cgu.0.rcgu.o
 0001:000010d4       _RNvMsa_NtCshY7GFnqGkdJ_4core3fmtNtB5_9Formatter11debug_tuple 00000000000020d4     libcore-51f92e4ab864d16a:core-51f92e4ab864d16a.core.d14e00c5bb875f55-cgu.0.rcgu.o
 0001:00001120       _RNvMsa_NtCshY7GFnqGkdJ_4core3fmtNtB5_9Formatter12pad_integral 0000000000002120     libcore-51f92e4ab864d16a:core-51f92e4ab864d16a.core.d14e00c5bb875f55-cgu.0.rcgu.o
 0001:000014e0       _RNvMsa_NtCshY7GFnqGkdJ_4core3fmtNtB5_9Formatter25debug_tuple_field1_finish 00000000000024e0     libcore-51f92e4ab864d16a:core-51f92e4ab864d16a.core.d14e00c5bb875f55-cgu.0.rcgu.o
 0001:00001648       _RNvMsa_NtCshY7GFnqGkdJ_4core3fmtNtB5_9Formatter26debug_struct_field1_finish 0000000000002648     libcore-51f92e4ab864d16a:core-51f92e4ab864d16a.core.d14e00c5bb875f55-cgu.0.rcgu.o
 0001:00001710       _RNvMsa_NtCshY7GFnqGkdJ_4core3fmtNtB5_9Formatter26debug_struct_field3_finish 0000000000002710     libcore-51f92e4ab864d16a:core-51f92e4ab864d16a.core.d14e00c5bb875f55-cgu.0.rcgu.o
 0001:00001838       _RNvMsa_NtCshY7GFnqGkdJ_4core3fmtNtB5_9Formatter3pad 0000000000002838     libcore-51f92e4ab864d16a:core-51f92e4ab864d16a.core.d14e00c5bb875f55-cgu.0.rcgu.o
 0001:00001b4c       _RNvMsa_NtCshY7GFnqGkdJ_4core3fmtNtB5_9Formatter9write_str 0000000000002b4c     libcore-51f92e4ab864d16a:core-51f92e4ab864d16a.core.d14e00c5bb875f55-cgu.0.rcgu.o
 0001:00001b4c       _RNvXsb_NtCshY7GFnqGkdJ_4core3fmtNtB5_9FormatterNtB5_5Write9write_str 0000000000002b4c     libcore-51f92e4ab864d16a:core-51f92e4ab864d16a.core.d14e00c5bb875f55-cgu.0.rcgu.o
 0001:00001b58       _RNvNtCshY7GFnqGkdJ_4core3fmt17pointer_fmt_inner 0000000000002b58     libcore-51f92e4ab864d16a:core-51f92e4ab864d16a.core.d14e00c5bb875f55-cgu.0.rcgu.o
 0001:00001c08       _RNvNtCshY7GFnqGkdJ_4core3fmt5write 0000000000002c08     libcore-51f92e4ab864d16a:core-51f92e4ab864d16a.core.d14e00c5bb875f55-cgu.0.rcgu.o
 0001:00001dbc       _RNvNtNtCshY7GFnqGkdJ_4core3str5count14do_count_chars 0000000000002dbc     libcore-51f92e4ab864d16a:core-51f92e4ab864d16a.core.d14e00c5bb875f55-cgu.0.rcgu.o
 0001:00002430       _RNvXNtNtNtCshY7GFnqGkdJ_4core3fmt3num3imphNtB6_7Display3fmt 0000000000003430     libcore-51f92e4ab864d16a:core-51f92e4ab864d16a.core.d14e00c5bb875f55-cgu.0.rcgu.o
 0001:000024d4       _RNvXs0_NtNtCshY7GFnqGkdJ_4core3fmt8buildersNtB5_10PadAdapterNtB7_5Write10write_char 00000000000034d4     libcore-51f92e4ab864d16a:core-51f92e4ab864d16a.core.d14e00c5bb875f55-cgu.0.rcgu.o
 0001:00002554       _RNvXs0_NtNtCshY7GFnqGkdJ_4core3fmt8buildersNtB5_10PadAdapterNtB7_5Write9write_str 0000000000003554     libcore-51f92e4ab864d16a:core-51f92e4ab864d16a.core.d14e00c5bb875f55-cgu.0.rcgu.o
 0001:00002794       _RNvXs3_NtNtNtCshY7GFnqGkdJ_4core3fmt3num3imptNtB9_7Display3fmt 0000000000003794     libcore-51f92e4ab864d16a:core-51f92e4ab864d16a.core.d14e00c5bb875f55-cgu.0.rcgu.o
 0001:00002894       _RNvXs6_NtNtCshY7GFnqGkdJ_4core3fmt3numjNtB7_8LowerHex3fmt 0000000000003894     libcore-51f92e4ab864d16a:core-51f92e4ab864d16a.core.d14e00c5bb875f55-cgu.0.rcgu.o
 0001:00002894       _RNvXsC_NtNtCshY7GFnqGkdJ_4core3fmt3numyNtB7_8LowerHex3fmt 0000000000003894     libcore-51f92e4ab864d16a:core-51f92e4ab864d16a.core.d14e00c5bb875f55-cgu.0.rcgu.o
 0001:00002904       _RNvXs8_NtCshY7GFnqGkdJ_4core3fmtNtB5_9ArgumentsNtB5_7Display3fmt 0000000000003904     libcore-51f92e4ab864d16a:core-51f92e4ab864d16a.core.d14e00c5bb875f55-cgu.0.rcgu.o
 0001:00002914       _RNvXs8_NtNtCshY7GFnqGkdJ_4core3fmt3numjNtB7_8UpperHex3fmt 0000000000003914     libcore-51f92e4ab864d16a:core-51f92e4ab864d16a.core.d14e00c5bb875f55-cgu.0.rcgu.o
 0001:00002914       _RNvXsE_NtNtCshY7GFnqGkdJ_4core3fmt3numyNtB7_8UpperHex3fmt 0000000000003914     libcore-51f92e4ab864d16a:core-51f92e4ab864d16a.core.d14e00c5bb875f55-cgu.0.rcgu.o
 0001:00002984       _RNvXs8_NtNtNtCshY7GFnqGkdJ_4core3fmt3num3impmNtB9_7Display3fmt 0000000000003984     libcore-51f92e4ab864d16a:core-51f92e4ab864d16a.core.d14e00c5bb875f55-cgu.0.rcgu.o
 0001:00002ab0       _RNvXs9_NtNtNtCshY7GFnqGkdJ_4core3fmt3num3implNtB9_7Display3fmt 0000000000003ab0     libcore-51f92e4ab864d16a:core-51f92e4ab864d16a.core.d14e00c5bb875f55-cgu.0.rcgu.o
 0001:00002be4       _RNvXsi_NtNtNtCshY7GFnqGkdJ_4core3fmt3num3impjNtB9_7Display3fmt 0000000000003be4     libcore-51f92e4ab864d16a:core-51f92e4ab864d16a.core.d14e00c5bb875f55-cgu.0.rcgu.o
 0001:00002be4       _RNvXsd_NtNtNtCshY7GFnqGkdJ_4core3fmt3num3impyNtB9_7Display3fmt 0000000000003be4     libcore-51f92e4ab864d16a:core-51f92e4ab864d16a.core.d14e00c5bb875f55-cgu.0.rcgu.o
 0001:00002d18       _RNvXse_NtNtCshY7GFnqGkdJ_4core3fmt3numhNtB7_8LowerHex3fmt 0000000000003d18     libcore-51f92e4ab864d16a:core-51f92e4ab864d16a.core.d14e00c5bb875f55-cgu.0.rcgu.o
 0001:00002d8c       _RNvXsg_NtCshY7GFnqGkdJ_4core3fmtbNtB5_7Display3fmt 0000000000003d8c     libcore-51f92e4ab864d16a:core-51f92e4ab864d16a.core.d14e00c5bb875f55-cgu.0.rcgu.o
 0001:00002db8       _RNvXsg_NtNtCshY7GFnqGkdJ_4core3fmt3numhNtB7_8UpperHex3fmt 0000000000003db8     libcore-51f92e4ab864d16a:core-51f92e4ab864d16a.core.d14e00c5bb875f55-cgu.0.rcgu.o
 0001:00002e2c       _RNvXsm_NtNtCshY7GFnqGkdJ_4core3fmt3numtNtB7_8LowerHex3fmt 0000000000003e2c     libcore-51f92e4ab864d16a:core-51f92e4ab864d16a.core.d14e00c5bb875f55-cgu.0.rcgu.o
 0001:00002ea0       _RNvXsv_NtNtCshY7GFnqGkdJ_4core3fmt3numlNtB7_8LowerHex3fmt 0000000000003ea0     libcore-51f92e4ab864d16a:core-51f92e4ab864d16a.core.d14e00c5bb875f55-cgu.0.rcgu.o
 0001:00002ea0       _RNvXsu_NtNtCshY7GFnqGkdJ_4core3fmt3nummNtB7_8LowerHex3fmt 0000000000003ea0     libcore-51f92e4ab864d16a:core-51f92e4ab864d16a.core.d14e00c5bb875f55-cgu.0.rcgu.o
 0001:00002f14       _RNvXsx_NtNtCshY7GFnqGkdJ_4core3fmt3numlNtB7_8UpperHex3fmt 0000000000003f14     libcore-51f92e4ab864d16a:core-51f92e4ab864d16a.core.d14e00c5bb875f55-cgu.0.rcgu.o
 0001:00002f14       _RNvXsw_NtNtCshY7GFnqGkdJ_4core3fmt3nummNtB7_8UpperHex3fmt 0000000000003f14     libcore-51f92e4ab864d16a:core-51f92e4ab864d16a.core.d14e00c5bb875f55-cgu.0.rcgu.o
 0002:00000000       anon.12f73e02f270cc5e60022eb18c5e1c10.0.llvm.15740451213946788882 0000000000004000     HelloWorldRustDxe-fe6ee8b1ffd37460.0h9od0p1ou3ew8fu8ecui9950.14l9ypk.rcgu.o
 0002:000000a0       anon.d273693e863e95468bb62719b70c7420.0.llvm.11421740062098260290 00000000000040a0     HelloWorldRustDxe-fe6ee8b1ffd37460.dczcrsls8klguunlj6nat6ndn.14l9ypk.rcgu.o
 0002:00000510       _RNvCs8zcUjoZ7Kml_3log15LOG_LEVEL_NAMES 0000000000004510     liblog-81a1e0e0c07b5481:log-81a1e0e0c07b5481.log.63cb9ab91b5c247b-cgu.0.rcgu.o
 0003:00000010       __imp__RNvCs8zcUjoZ7Kml_3log20MAX_LOG_LEVEL_FILTER 0000000000005010     liblog-81a1e0e0c07b5481:log-81a1e0e0c07b5481.log.63cb9ab91b5c247b-cgu.0.rcgu.o
 0003:00000028       _RNvCs8zcUjoZ7Kml_3log20MAX_LOG_LEVEL_FILTER 0000000000005028     liblog-81a1e0e0c07b5481:log-81a1e0e0c07b5481.log.63cb9ab91b5c247b-cgu.0.rcgu.o

 entry point at         0001:000004c4

 Static symbols

 0001:000000d0       _RNvXs1g_NtCshY7GFnqGkdJ_4core3fmtRhNtB6_5Debug3fmtCs675nZG1luY9_17HelloWorldRustDxe 00000000000010d0     HelloWorldRustDxe-fe6ee8b1ffd37460.2i9em64yofeaqd9lzmzmchv0m.14l9ypk.rcgu.o
 0001:000000ec       _RNvXs1g_NtCshY7GFnqGkdJ_4core3fmtRyNtB6_5Debug3fmtCs675nZG1luY9_17HelloWorldRustDxe 00000000000010ec     HelloWorldRustDxe-fe6ee8b1ffd37460.2i9em64yofeaqd9lzmzmchv0m.14l9ypk.rcgu.o
 0001:00000108       _RNvXs1g_NtCshY7GFnqGkdJ_4core3fmtRlNtB6_5Debug3fmtCs675nZG1luY9_17HelloWorldRustDxe 0000000000001108     HelloWorldRustDxe-fe6ee8b1ffd37460.2i9em64yofeaqd9lzmzmchv0m.14l9ypk.rcgu.o
 0001:000002c0       _RNvXs0_Cs675nZG1luY9_17HelloWorldRustDxeNtB5_10DriverInfoNtNtCshY7GFnqGkdJ_4core3fmt5Debug3fmt 00000000000012c0     HelloWorldRustDxe-fe6ee8b1ffd37460.e6hpwgnw5vkqjluj979r9tt4t.14l9ypk.rcgu.o
 0001:00000348       _RNvXs1_Cs675nZG1luY9_17HelloWorldRustDxeNtB5_11DriverStateNtNtCshY7GFnqGkdJ_4core3fmt5Debug3fmt 0000000000001348     HelloWorldRustDxe-fe6ee8b1ffd37460.e6hpwgnw5vkqjluj979r9tt4t.14l9ypk.rcgu.o
 0001:000003d8       _RNvXsW_NtNtCshY7GFnqGkdJ_4core3fmt3nummNtB7_5Debug3fmt 00000000000013d8     HelloWorldRustDxe-fe6ee8b1ffd37460.e6hpwgnw5vkqjluj979r9tt4t.14l9ypk.rcgu.o
 0001:000003f0       _RNvXsZ_NtNtCshY7GFnqGkdJ_4core3fmt3numjNtB7_5Debug3fmt 00000000000013f0     HelloWorldRustDxe-fe6ee8b1ffd37460.e6hpwgnw5vkqjluj979r9tt4t.14l9ypk.rcgu.o
 0001:00000408       _RNvXs_Cs675nZG1luY9_17HelloWorldRustDxeNtB4_12SimpleLoggerNtCs8zcUjoZ7Kml_3log3Log3log 0000000000001408     HelloWorldRustDxe-fe6ee8b1ffd37460.e6hpwgnw5vkqjluj979r9tt4t.14l9ypk.rcgu.o
 0001:000004b8       _RNvXs_Cs675nZG1luY9_17HelloWorldRustDxeNtB4_12SimpleLoggerNtCs8zcUjoZ7Kml_3log3Log5flush 00000000000014b8     HelloWorldRustDxe-fe6ee8b1ffd37460.e6hpwgnw5vkqjluj979r9tt4t.14l9ypk.rcgu.o
 0001:000004b8       _RNvXsk_Cs8zcUjoZ7Kml_3logNtB5_9NopLoggerNtB5_3Log3log 00000000000014b8     liblog-81a1e0e0c07b5481:log-81a1e0e0c07b5481.log.63cb9ab91b5c247b-cgu.0.rcgu.o
 0001:000004b8       _RNvXsk_Cs8zcUjoZ7Kml_3logNtB5_9NopLoggerNtB5_3Log5flush 00000000000014b8     liblog-81a1e0e0c07b5481:log-81a1e0e0c07b5481.log.63cb9ab91b5c247b-cgu.0.rcgu.o
 0001:000004bc       _RNvXs_Cs675nZG1luY9_17HelloWorldRustDxeNtB4_12SimpleLoggerNtCs8zcUjoZ7Kml_3log3Log7enabled 00000000000014bc     HelloWorldRustDxe-fe6ee8b1ffd37460.e6hpwgnw5vkqjluj979r9tt4t.14l9ypk.rcgu.o
 0001:00000b38       _RNvXsk_Cs8zcUjoZ7Kml_3logNtB5_9NopLoggerNtB5_3Log7enabled 0000000000001b38     liblog-81a1e0e0c07b5481:log-81a1e0e0c07b5481.log.63cb9ab91b5c247b-cgu.0.rcgu.o
 0001:000023a8       _RNvNvMsa_NtCshY7GFnqGkdJ_4core3fmtNtB7_9Formatter12pad_integral12write_prefix 00000000000033a8     libcore-51f92e4ab864d16a:core-51f92e4ab864d16a.core.d14e00c5bb875f55-cgu.0.rcgu.o
 0001:00002f88       _RNvYNtNtNtCshY7GFnqGkdJ_4core3fmt8builders10PadAdapterNtB6_5Write9write_fmtB8_ 0000000000003f88     libcore-51f92e4ab864d16a:core-51f92e4ab864d16a.core.d14e00c5bb875f55-cgu.0.rcgu.o
 0002:00000020       anon.01c4bc743923694f0b9483f2ac0b16a0.0 0000000000004020     HelloWorldRustDxe-fe6ee8b1ffd37460.2i9em64yofeaqd9lzmzmchv0m.14l9ypk.rcgu.o
 0002:00000040       anon.01c4bc743923694f0b9483f2ac0b16a0.1 0000000000004040     HelloWorldRustDxe-fe6ee8b1ffd37460.2i9em64yofeaqd9lzmzmchv0m.14l9ypk.rcgu.o
 0002:00000060       anon.01c4bc743923694f0b9483f2ac0b16a0.2 0000000000004060     HelloWorldRustDxe-fe6ee8b1ffd37460.2i9em64yofeaqd9lzmzmchv0m.14l9ypk.rcgu.o
 0002:00000080       anon.01c4bc743923694f0b9483f2ac0b16a0.3 0000000000004080     HelloWorldRustDxe-fe6ee8b1ffd37460.2i9em64yofeaqd9lzmzmchv0m.14l9ypk.rcgu.o
 0002:000000d0       anon.306cddbfdc2f8cdcd3b2de3e50dda580.0 00000000000040d0     HelloWorldRustDxe-fe6ee8b1ffd37460.e6hpwgnw5vkqjluj979r9tt4t.14l9ypk.rcgu.o
 0002:000000e0       anon.306cddbfdc2f8cdcd3b2de3e50dda580.1 00000000000040e0     HelloWorldRustDxe-fe6ee8b1ffd37460.e6hpwgnw5vkqjluj979r9tt4t.14l9ypk.rcgu.o
 0002:00000100       anon.306cddbfdc2f8cdcd3b2de3e50dda580.2 0000000000004100     HelloWorldRustDxe-fe6ee8b1ffd37460.e6hpwgnw5vkqjluj979r9tt4t.14l9ypk.rcgu.o
 0002:00000120       anon.306cddbfdc2f8cdcd3b2de3e50dda580.3 0000000000004120     HelloWorldRustDxe-fe6ee8b1ffd37460.e6hpwgnw5vkqjluj979r9tt4t.14l9ypk.rcgu.o
 0002:00000140       anon.306cddbfdc2f8cdcd3b2de3e50dda580.4 0000000000004140     HelloWorldRustDxe-fe6ee8b1ffd37460.e6hpwgnw5vkqjluj979r9tt4t.14l9ypk.rcgu.o
 0002:0000014a       anon.306cddbfdc2f8cdcd3b2de3e50dda580.5 000000000000414a     HelloWorldRustDxe-fe6ee8b1ffd37460.e6hpwgnw5vkqjluj979r9tt4t.14l9ypk.rcgu.o
 0002:00000153       anon.306cddbfdc2f8cdcd3b2de3e50dda580.6 0000000000004153     HelloWorldRustDxe-fe6ee8b1ffd37460.e6hpwgnw5vkqjluj979r9tt4t.14l9ypk.rcgu.o
 0002:0000015b       anon.306cddbfdc2f8cdcd3b2de3e50dda580.7 000000000000415b     HelloWorldRustDxe-fe6ee8b1ffd37460.e6hpwgnw5vkqjluj979r9tt4t.14l9ypk.rcgu.o
 0002:00000162       anon.306cddbfdc2f8cdcd3b2de3e50dda580.8 0000000000004162     HelloWorldRustDxe-fe6ee8b1ffd37460.e6hpwgnw5vkqjluj979r9tt4t.14l9ypk.rcgu.o
 0002:00000170       anon.306cddbfdc2f8cdcd3b2de3e50dda580.9 0000000000004170     HelloWorldRustDxe-fe6ee8b1ffd37460.e6hpwgnw5vkqjluj979r9tt4t.14l9ypk.rcgu.o
 0002:00000190       anon.306cddbfdc2f8cdcd3b2de3e50dda580.10 0000000000004190     HelloWorldRustDxe-fe6ee8b1ffd37460.e6hpwgnw5vkqjluj979r9tt4t.14l9ypk.rcgu.o
 0002:00000195       anon.306cddbfdc2f8cdcd3b2de3e50dda580.11 0000000000004195     HelloWorldRustDxe-fe6ee8b1ffd37460.e6hpwgnw5vkqjluj979r9tt4t.14l9ypk.rcgu.o
 0002:000001a0       anon.306cddbfdc2f8cdcd3b2de3e50dda580.12 00000000000041a0     HelloWorldRustDxe-fe6ee8b1ffd37460.e6hpwgnw5vkqjluj979r9tt4t.14l9ypk.rcgu.o
 0002:000001c0       anon.306cddbfdc2f8cdcd3b2de3e50dda580.13 00000000000041c0     HelloWorldRustDxe-fe6ee8b1ffd37460.e6hpwgnw5vkqjluj979r9tt4t.14l9ypk.rcgu.o
 0002:000001c7       anon.306cddbfdc2f8cdcd3b2de3e50dda580.14 00000000000041c7     HelloWorldRustDxe-fe6ee8b1ffd37460.e6hpwgnw5vkqjluj979r9tt4t.14l9ypk.rcgu.o
 0002:000001d8       anon.306cddbfdc2f8cdcd3b2de3e50dda580.15 00000000000041d8     HelloWorldRustDxe-fe6ee8b1ffd37460.e6hpwgnw5vkqjluj979r9tt4t.14l9ypk.rcgu.o
 0002:00000208       anon.306cddbfdc2f8cdcd3b2de3e50dda580.16 0000000000004208     HelloWorldRustDxe-fe6ee8b1ffd37460.e6hpwgnw5vkqjluj979r9tt4t.14l9ypk.rcgu.o
 0002:00000228       anon.306cddbfdc2f8cdcd3b2de3e50dda580.17 0000000000004228     HelloWorldRustDxe-fe6ee8b1ffd37460.e6hpwgnw5vkqjluj979r9tt4t.14l9ypk.rcgu.o
 0002:00000240       anon.306cddbfdc2f8cdcd3b2de3e50dda580.18 0000000000004240     HelloWorldRustDxe-fe6ee8b1ffd37460.e6hpwgnw5vkqjluj979r9tt4t.14l9ypk.rcgu.o
 0002:00000251       anon.306cddbfdc2f8cdcd3b2de3e50dda580.19 0000000000004251     HelloWorldRustDxe-fe6ee8b1ffd37460.e6hpwgnw5vkqjluj979r9tt4t.14l9ypk.rcgu.o
 0002:00000288       anon.306cddbfdc2f8cdcd3b2de3e50dda580.20 0000000000004288     HelloWorldRustDxe-fe6ee8b1ffd37460.e6hpwgnw5vkqjluj979r9tt4t.14l9ypk.rcgu.o
 0002:000002a0       anon.306cddbfdc2f8cdcd3b2de3e50dda580.21 00000000000042a0     HelloWorldRustDxe-fe6ee8b1ffd37460.e6hpwgnw5vkqjluj979r9tt4t.14l9ypk.rcgu.o
 0002:000002d8       anon.306cddbfdc2f8cdcd3b2de3e50dda580.22 00000000000042d8     HelloWorldRustDxe-fe6ee8b1ffd37460.e6hpwgnw5vkqjluj979r9tt4t.14l9ypk.rcgu.o
 0002:000002f0       anon.306cddbfdc2f8cdcd3b2de3e50dda580.23 00000000000042f0     HelloWorldRustDxe-fe6ee8b1ffd37460.e6hpwgnw5vkqjluj979r9tt4t.14l9ypk.rcgu.o
 0002:00000318       anon.306cddbfdc2f8cdcd3b2de3e50dda580.24 0000000000004318     HelloWorldRustDxe-fe6ee8b1ffd37460.e6hpwgnw5vkqjluj979r9tt4t.14l9ypk.rcgu.o
 0002:00000330       anon.306cddbfdc2f8cdcd3b2de3e50dda580.25 0000000000004330     HelloWorldRustDxe-fe6ee8b1ffd37460.e6hpwgnw5vkqjluj979r9tt4t.14l9ypk.rcgu.o
 0002:00000350       anon.306cddbfdc2f8cdcd3b2de3e50dda580.26 0000000000004350     HelloWorldRustDxe-fe6ee8b1ffd37460.e6hpwgnw5vkqjluj979r9tt4t.14l9ypk.rcgu.o
 0002:00000368       anon.306cddbfdc2f8cdcd3b2de3e50dda580.27 0000000000004368     HelloWorldRustDxe-fe6ee8b1ffd37460.e6hpwgnw5vkqjluj979r9tt4t.14l9ypk.rcgu.o
 0002:00000369       anon.306cddbfdc2f8cdcd3b2de3e50dda580.28 0000000000004369     HelloWorldRustDxe-fe6ee8b1ffd37460.e6hpwgnw5vkqjluj979r9tt4t.14l9ypk.rcgu.o
 0002:0000036a       anon.306cddbfdc2f8cdcd3b2de3e50dda580.29 000000000000436a     HelloWorldRustDxe-fe6ee8b1ffd37460.e6hpwgnw5vkqjluj979r9tt4t.14l9ypk.rcgu.o
 0002:00000390       anon.306cddbfdc2f8cdcd3b2de3e50dda580.30 0000000000004390     HelloWorldRustDxe-fe6ee8b1ffd37460.e6hpwgnw5vkqjluj979r9tt4t.14l9ypk.rcgu.o
 0002:000003a8       anon.306cddbfdc2f8cdcd3b2de3e50dda580.31 00000000000043a8     HelloWorldRustDxe-fe6ee8b1ffd37460.e6hpwgnw5vkqjluj979r9tt4t.14l9ypk.rcgu.o
 0002:000003b4       anon.306cddbfdc2f8cdcd3b2de3e50dda580.32 00000000000043b4     HelloWorldRustDxe-fe6ee8b1ffd37460.e6hpwgnw5vkqjluj979r9tt4t.14l9ypk.rcgu.o
 0002:000003d8       anon.306cddbfdc2f8cdcd3b2de3e50dda580.33 00000000000043d8     HelloWorldRustDxe-fe6ee8b1ffd37460.e6hpwgnw5vkqjluj979r9tt4t.14l9ypk.rcgu.o
 0002:000003f0       anon.306cddbfdc2f8cdcd3b2de3e50dda580.34 00000000000043f0     HelloWorldRustDxe-fe6ee8b1ffd37460.e6hpwgnw5vkqjluj979r9tt4t.14l9ypk.rcgu.o
 0002:00000410       anon.306cddbfdc2f8cdcd3b2de3e50dda580.35 0000000000004410     HelloWorldRustDxe-fe6ee8b1ffd37460.e6hpwgnw5vkqjluj979r9tt4t.14l9ypk.rcgu.o
 0002:00000428       anon.306cddbfdc2f8cdcd3b2de3e50dda580.36 0000000000004428     HelloWorldRustDxe-fe6ee8b1ffd37460.e6hpwgnw5vkqjluj979r9tt4t.14l9ypk.rcgu.o
 0002:00000438       anon.306cddbfdc2f8cdcd3b2de3e50dda580.37 0000000000004438     HelloWorldRustDxe-fe6ee8b1ffd37460.e6hpwgnw5vkqjluj979r9tt4t.14l9ypk.rcgu.o
 0002:00000450       anon.306cddbfdc2f8cdcd3b2de3e50dda580.38 0000000000004450     HelloWorldRustDxe-fe6ee8b1ffd37460.e6hpwgnw5vkqjluj979r9tt4t.14l9ypk.rcgu.o
 0002:00000468       anon.306cddbfdc2f8cdcd3b2de3e50dda580.39 0000000000004468     HelloWorldRustDxe-fe6ee8b1ffd37460.e6hpwgnw5vkqjluj979r9tt4t.14l9ypk.rcgu.o
 0002:00000480       anon.306cddbfdc2f8cdcd3b2de3e50dda580.40 0000000000004480     HelloWorldRustDxe-fe6ee8b1ffd37460.e6hpwgnw5vkqjluj979r9tt4t.14l9ypk.rcgu.o
 0002:00000490       anon.306cddbfdc2f8cdcd3b2de3e50dda580.41 0000000000004490     HelloWorldRustDxe-fe6ee8b1ffd37460.e6hpwgnw5vkqjluj979r9tt4t.14l9ypk.rcgu.o
 0002:000004a8       anon.306cddbfdc2f8cdcd3b2de3e50dda580.42 00000000000044a8     HelloWorldRustDxe-fe6ee8b1ffd37460.e6hpwgnw5vkqjluj979r9tt4t.14l9ypk.rcgu.o
 0002:000004c0       anon.306cddbfdc2f8cdcd3b2de3e50dda580.43 00000000000044c0     HelloWorldRustDxe-fe6ee8b1ffd37460.e6hpwgnw5vkqjluj979r9tt4t.14l9ypk.rcgu.o
 0002:000004d8       anon.306cddbfdc2f8cdcd3b2de3e50dda580.44 00000000000044d8     HelloWorldRustDxe-fe6ee8b1ffd37460.e6hpwgnw5vkqjluj979r9tt4t.14l9ypk.rcgu.o
 0002:000004f0       anon.6350bb9c5e55f4f3da09c1bbe21bf700.0 00000000000044f0     liblog-81a1e0e0c07b5481:log-81a1e0e0c07b5481.log.63cb9ab91b5c247b-cgu.0.rcgu.o
 0002:000004f3       anon.6350bb9c5e55f4f3da09c1bbe21bf700.1 00000000000044f3     liblog-81a1e0e0c07b5481:log-81a1e0e0c07b5481.log.63cb9ab91b5c247b-cgu.0.rcgu.o
 0002:000004f8       anon.6350bb9c5e55f4f3da09c1bbe21bf700.2 00000000000044f8     liblog-81a1e0e0c07b5481:log-81a1e0e0c07b5481.log.63cb9ab91b5c247b-cgu.0.rcgu.o
 0002:000004fc       anon.6350bb9c5e55f4f3da09c1bbe21bf700.3 00000000000044fc     liblog-81a1e0e0c07b5481:log-81a1e0e0c07b5481.log.63cb9ab91b5c247b-cgu.0.rcgu.o
 0002:00000500       anon.6350bb9c5e55f4f3da09c1bbe21bf700.4 0000000000004500     liblog-81a1e0e0c07b5481:log-81a1e0e0c07b5481.log.63cb9ab91b5c247b-cgu.0.rcgu.o
 0002:00000505       anon.6350bb9c5e55f4f3da09c1bbe21bf700.5 0000000000004505     liblog-81a1e0e0c07b5481:log-81a1e0e0c07b5481.log.63cb9ab91b5c247b-cgu.0.rcgu.o
 0002:00000570       anon.6350bb9c5e55f4f3da09c1bbe21bf700.11 0000000000004570     liblog-81a1e0e0c07b5481:log-81a1e0e0c07b5481.log.63cb9ab91b5c247b-cgu.0.rcgu.o
 0002:000005a0       _RNvNvCs8zcUjoZ7Kml_3log6logger3NOP 00000000000045a0     liblog-81a1e0e0c07b5481:log-81a1e0e0c07b5481.log.63cb9ab91b5c247b-cgu.0.rcgu.o
 0002:000005a4       anon.b06a09b3e04a9ef56431bde1571b5e59.1 00000000000045a4     libcore-51f92e4ab864d16a:core-51f92e4ab864d16a.core.d14e00c5bb875f55-cgu.0.rcgu.o
 0002:000005b4       anon.b06a09b3e04a9ef56431bde1571b5e59.34 00000000000045b4     libcore-51f92e4ab864d16a:core-51f92e4ab864d16a.core.d14e00c5bb875f55-cgu.0.rcgu.o
 0002:000005b7       anon.b06a09b3e04a9ef56431bde1571b5e59.35 00000000000045b7     libcore-51f92e4ab864d16a:core-51f92e4ab864d16a.core.d14e00c5bb875f55-cgu.0.rcgu.o
 0002:000005b9       anon.b06a09b3e04a9ef56431bde1571b5e59.36 00000000000045b9     libcore-51f92e4ab864d16a:core-51f92e4ab864d16a.core.d14e00c5bb875f55-cgu.0.rcgu.o
 0002:000005bb       anon.b06a09b3e04a9ef56431bde1571b5e59.37 00000000000045bb     libcore-51f92e4ab864d16a:core-51f92e4ab864d16a.core.d14e00c5bb875f55-cgu.0.rcgu.o
 0002:000005be       anon.b06a09b3e04a9ef56431bde1571b5e59.38 00000000000045be     libcore-51f92e4ab864d16a:core-51f92e4ab864d16a.core.d14e00c5bb875f55-cgu.0.rcgu.o
 0002:000005c0       anon.b06a09b3e04a9ef56431bde1571b5e59.39 00000000000045c0     libcore-51f92e4ab864d16a:core-51f92e4ab864d16a.core.d14e00c5bb875f55-cgu.0.rcgu.o
 0002:000005c1       anon.b06a09b3e04a9ef56431bde1571b5e59.40 00000000000045c1     libcore-51f92e4ab864d16a:core-51f92e4ab864d16a.core.d14e00c5bb875f55-cgu.0.rcgu.o
 0002:000005c3       anon.b06a09b3e04a9ef56431bde1571b5e59.41 00000000000045c3     libcore-51f92e4ab864d16a:core-51f92e4ab864d16a.core.d14e00c5bb875f55-cgu.0.rcgu.o
 0002:000005c4       anon.b06a09b3e04a9ef56431bde1571b5e59.54 00000000000045c4     libcore-51f92e4ab864d16a:core-51f92e4ab864d16a.core.d14e00c5bb875f55-cgu.0.rcgu.o
 0002:000005c5       anon.b06a09b3e04a9ef56431bde1571b5e59.57 00000000000045c5     libcore-51f92e4ab864d16a:core-51f92e4ab864d16a.core.d14e00c5bb875f55-cgu.0.rcgu.o
 0002:000005c6       anon.b06a09b3e04a9ef56431bde1571b5e59.58 00000000000045c6     libcore-51f92e4ab864d16a:core-51f92e4ab864d16a.core.d14e00c5bb875f55-cgu.0.rcgu.o
 0002:000005c7       anon.b06a09b3e04a9ef56431bde1571b5e59.63 00000000000045c7     libcore-51f92e4ab864d16a:core-51f92e4ab864d16a.core.d14e00c5bb875f55-cgu.0.rcgu.o
 0002:000005c8       anon.b06a09b3e04a9ef56431bde1571b5e59.93 00000000000045c8     libcore-51f92e4ab864d16a:core-51f92e4ab864d16a.core.d14e00c5bb875f55-cgu.0.rcgu.o
 0002:000005d0       anon.b06a09b3e04a9ef56431bde1571b5e59.98 00000000000045d0     libcore-51f92e4ab864d16a:core-51f92e4ab864d16a.core.d14e00c5bb875f55-cgu.0.rcgu.o
 0002:00000600       anon.b06a09b3e04a9ef56431bde1571b5e59.144 0000000000004600     libcore-51f92e4ab864d16a:core-51f92e4ab864d16a.core.d14e00c5bb875f55-cgu.0.rcgu.o
 0002:000006c8       anon.b06a09b3e04a9ef56431bde1571b5e59.148 00000000000046c8     libcore-51f92e4ab864d16a:core-51f92e4ab864d16a.core.d14e00c5bb875f55-cgu.0.rcgu.o
 0002:000006c9       anon.b06a09b3e04a9ef56431bde1571b5e59.291 00000000000046c9     libcore-51f92e4ab864d16a:core-51f92e4ab864d16a.core.d14e00c5bb875f55-cgu.0.rcgu.o
 0002:000006cd       anon.b06a09b3e04a9ef56431bde1571b5e59.341 00000000000046cd     libcore-51f92e4ab864d16a:core-51f92e4ab864d16a.core.d14e00c5bb875f55-cgu.0.rcgu.o
 0002:000006cf       anon.b06a09b3e04a9ef56431bde1571b5e59.354 00000000000046cf     libcore-51f92e4ab864d16a:core-51f92e4ab864d16a.core.d14e00c5bb875f55-cgu.0.rcgu.o
 0002:000006df       anon.b06a09b3e04a9ef56431bde1571b5e59.403 00000000000046df     libcore-51f92e4ab864d16a:core-51f92e4ab864d16a.core.d14e00c5bb875f55-cgu.0.rcgu.o
 0002:000006e4       anon.b06a09b3e04a9ef56431bde1571b5e59.404 00000000000046e4     libcore-51f92e4ab864d16a:core-51f92e4ab864d16a.core.d14e00c5bb875f55-cgu.0.rcgu.o
 0003:00000000       _RNvCs8zcUjoZ7Kml_3log6LOGGER.0 0000000000005000     liblog-81a1e0e0c07b5481:log-81a1e0e0c07b5481.log.63cb9ab91b5c247b-cgu.0.rcgu.o
 0003:00000008       _RNvCs8zcUjoZ7Kml_3log6LOGGER.1 0000000000005008     liblog-81a1e0e0c07b5481:log-81a1e0e0c07b5481.log.63cb9ab91b5c247b-cgu.0.rcgu.o
 0003:00000018       _RNvCs675nZG1luY9_17HelloWorldRustDxe6LOGGER 0000000000005018     HelloWorldRustDxe-fe6ee8b1ffd37460.e6hpwgnw5vkqjluj979r9tt4t.14l9ypk.rcgu.o
 0003:00000030       _RNvCs8zcUjoZ7Kml_3log5STATE 0000000000005030     liblog-81a1e0e0c07b5481:log-81a1e0e0c07b5481.log.63cb9ab91b5c247b-cgu.0.rcgu.o
